2026-06-29 14:38:48,174  INFO      Found 176 JSON file(s) in C:\Users\BIT\Desktop\vidyaAi\backend\processed
2026-06-29 14:38:48,175  INFO      Loading existing question fingerprints from DB...
2026-06-29 14:38:52,312  INFO        1955 questions already in DB
2026-06-29 14:38:52,336  INFO        quant\algebra\algebra_sheet_1.json                      | inserted=0     skipped=51    invalid=0     (0.02s)
2026-06-29 14:38:52,338  INFO        quant\algebra\algebra_sheet_2.json                      | inserted=0     skipped=4     invalid=0     (0.00s)
2026-06-29 14:38:52,340  INFO        quant\algebra\algebra_sheet_3.json                      | inserted=0     skipped=31    invalid=0     (0.00s)
2026-06-29 14:38:52,342  INFO        quant\algebra\algebra_sheet_4.json                      | inserted=0     skipped=12    invalid=0     (0.00s)
2026-06-29 14:38:52,344  INFO        quant\algebra\algebra_sheet_5.json                      | inserted=0     skipped=8     invalid=0     (0.00s)
2026-06-29 14:38:52,345  INFO        quant\algebra\algebra_sheet_6.json                      | inserted=0     skipped=29    invalid=0     (0.00s)
2026-06-29 14:38:52,346  INFO        quant\ap_gp_hp\ap_gp_hp.json                            | inserted=0     skipped=0     invalid=0     (0.00s)
2026-06-29 14:38:52,348  INFO        quant\average\average_sheet_1.json                      | inserted=0     skipped=23    invalid=0     (0.00s)
2026-06-29 14:38:52,350  INFO        quant\average\average_sheet_2.json                      | inserted=0     skipped=22    invalid=0     (0.00s)
2026-06-29 14:38:52,352  INFO        quant\boat_and_stream\boat_and_stream_sheet_1.json      | inserted=0     skipped=31    invalid=0     (0.00s)
2026-06-29 14:38:52,353  INFO        quant\compound_interest\compound_interest_sheet_1.json  | inserted=0     skipped=41    invalid=0     (0.00s)
2026-06-29 14:38:52,358  INFO        quant\compound_interest\compound_interest_sheet_2.json  | inserted=0     skipped=113   invalid=0     (0.00s)
2026-06-29 14:38:52,361  INFO        quant\compound_interest\compound_interest_sheet_3.json  | inserted=0     skipped=26    invalid=0     (0.00s)
2026-06-29 14:38:52,363  INFO        quant\compound_interest\compund_intrest_sheet_3_new_1.j | inserted=0     skipped=19    invalid=0     (0.00s)
2026-06-29 14:38:52,366  INFO        quant\coordinate_geometry\co_ordinate_geometry.json     | inserted=0     skipped=63    invalid=0     (0.00s)
2026-06-29 14:38:52,367  INFO        quant\data_interpretation\di_sheet_1_pie_and_bar_chart. | inserted=0     skipped=22    invalid=0     (0.00s)
2026-06-29 14:38:52,369  INFO        quant\data_interpretation\di_sheet_2_tabular_di_line_gr | inserted=0     skipped=20    invalid=0     (0.00s)
2026-06-29 14:38:57,996  INFO        quant\discount\discount_sheet_1.json                    | inserted=63    skipped=0     invalid=0     (5.63s)
2026-06-29 14:39:00,820  INFO        quant\discount\discount_sheet_2.json                    | inserted=34    skipped=0     invalid=0     (2.82s)
2026-06-29 14:39:02,599  INFO        quant\dishonest_shopkeeper\dishonest_shopkeeper.json    | inserted=20    skipped=5     invalid=0     (1.78s)
2026-06-29 14:39:04,716  INFO        quant\geometry\geometry_10.json                         | inserted=15    skipped=0     invalid=0     (2.12s)
2026-06-29 14:39:06,854  INFO        quant\geometry\geometry_sheet_1.json                    | inserted=17    skipped=0     invalid=0     (2.14s)
2026-06-29 14:39:10,248  INFO        quant\geometry\geometry_sheet_11.json                   | inserted=33    skipped=0     invalid=0     (3.39s)
2026-06-29 14:39:25,138  INFO        quant\geometry\geometry_sheet_12_13_14_15.json          | inserted=221   skipped=0     invalid=0     (14.89s)
2026-06-29 14:39:28,110  INFO        quant\geometry\geometry_sheet_2.json                    | inserted=32    skipped=0     invalid=0     (2.97s)
2026-06-29 14:39:30,054  INFO        quant\geometry\geometry_sheet_3.json                    | inserted=19    skipped=0     invalid=0     (1.94s)
2026-06-29 14:39:31,142  INFO        quant\geometry\geometry_sheet_4.json                    | inserted=10    skipped=0     invalid=0     (1.09s)
2026-06-29 14:39:33,640  INFO        quant\geometry\geometry_sheet_5.json                    | inserted=28    skipped=0     invalid=0     (2.50s)
2026-06-29 14:39:34,714  INFO        quant\geometry\geometry_sheet_7.json                    | inserted=14    skipped=0     invalid=0     (1.07s)
2026-06-29 14:39:36,166  INFO        quant\geometry\geometry_sheet_8.json                    | inserted=13    skipped=0     invalid=0     (1.45s)
2026-06-29 14:39:36,920  INFO        quant\geometry\geometry_sheet_9.json                    | inserted=17    skipped=0     invalid=0     (0.75s)
2026-06-29 14:39:41,744  INFO        quant\height_and_distance\height_and_distance.json      | inserted=39    skipped=0     invalid=0     (4.82s)
2026-06-29 14:39:41,746  INFO        quant\lcm_hcf\lcm_hcf_sheet_1_1.json                    | inserted=0     skipped=0     invalid=0     (0.00s)
2026-06-29 14:39:41,746  INFO        quant\lcm_hcf\lcm_hcf_sheet_2_1.json                    | inserted=0     skipped=0     invalid=0     (0.00s)
2026-06-29 14:39:42,516  INFO        quant\maxima_and_minima\maxima_minima_sheet.json        | inserted=2     skipped=0     invalid=0     (0.77s)
2026-06-29 14:39:43,243  INFO        quant\mensuration_2d\2d_mensuration_sheet_1.json        | inserted=17    skipped=0     invalid=0     (0.73s)
2026-06-29 14:39:43,244  INFO        quant\mensuration_2d\mensuration_2d_circle.json         | inserted=0     skipped=0     invalid=0     (0.00s)
2026-06-29 14:39:43,245  INFO        quant\mensuration_2d\mensuration_2d_polygon_1.json      | inserted=0     skipped=0     invalid=0     (0.00s)
2026-06-29 14:39:43,245  INFO        quant\mensuration_2d\mensuration_2d_quadrilateral.json  | inserted=0     skipped=0     invalid=0     (0.00s)
2026-06-29 14:39:43,956  INFO        quant\mensuration_2d\mensuration_2d_triangle_sheet_01.j | inserted=6     skipped=0     invalid=0     (0.71s)
2026-06-29 14:39:43,957  INFO        quant\mensuration_2d\mensuration_sheet_02_quadrilateral | inserted=0     skipped=0     invalid=0     (0.00s)
2026-06-29 14:39:43,957  INFO        quant\mensuration_2d\mensuration_sheet_02_quadrilateral | inserted=0     skipped=0     invalid=0     (0.00s)
2026-06-29 14:39:45,055  INFO        quant\mensuration_2d\mensuration_sheet_6.json           | inserted=15    skipped=0     invalid=0     (1.10s)
2026-06-29 14:39:47,990  INFO        quant\mensuration_3d\3d_mensuration_sheet_1.json        | inserted=33    skipped=0     invalid=0     (2.93s)
2026-06-29 14:39:49,428  INFO        quant\mensuration_3d\3d_mensuration_sheet_2.json        | inserted=20    skipped=0     invalid=0     (1.44s)
2026-06-29 14:39:51,767  INFO        quant\mensuration_3d\3d_mensuration_sheet_3.json        | inserted=28    skipped=0     invalid=0     (2.34s)
2026-06-29 14:39:53,535  INFO        quant\mensuration_3d\3d_mensuration_sheet_4.json        | inserted=33    skipped=0     invalid=0     (1.77s)
2026-06-29 14:39:55,480  INFO        quant\mensuration_3d\3d_mensuration_sheet_5.json        | inserted=10    skipped=0     invalid=0     (1.94s)
2026-06-29 14:39:59,750  INFO        quant\mixture_and_alligation\mixture_and_alligation_she | inserted=41    skipped=14    invalid=0     (4.27s)
2026-06-29 14:40:01,872  INFO        quant\mixture_and_alligation\mixture_and_alligation_she | inserted=22    skipped=3     invalid=0     (2.12s)
2026-06-29 14:40:04,697  INFO        quant\mixture_and_alligation\mixture_and_alligation_she | inserted=23    skipped=3     invalid=0     (2.83s)
2026-06-29 14:40:04,699  INFO        quant\number_system\number_system_sheet.json            | inserted=0     skipped=0     invalid=0     (0.00s)
2026-06-29 14:40:06,195  INFO        quant\number_system\number_system_sheet_1.json          | inserted=11    skipped=0     invalid=0     (1.50s)
2026-06-29 14:40:07,099  INFO        quant\number_system\number_system_sheet_2.json          | inserted=4     skipped=0     invalid=0     (0.90s)
2026-06-29 14:40:08,174  INFO        quant\number_system\number_system_sheet_3_4.json        | inserted=13    skipped=0     invalid=0     (1.07s)
2026-06-29 14:40:08,909  INFO        quant\number_system\number_system_sheet_5.json          | inserted=2     skipped=0     invalid=0     (0.73s)
2026-06-29 14:40:10,533  INFO        quant\partnership\partnership_sheet.json                | inserted=24    skipped=2     invalid=0     (1.62s)
2026-06-29 14:40:17,363  INFO        quant\percentage\percentage_sheet_1.json                | inserted=64    skipped=6     invalid=0     (6.83s)
2026-06-29 14:40:24,575  INFO        quant\percentage\percentage_sheet_2.json                | inserted=81    skipped=0     invalid=0     (7.21s)
2026-06-29 14:40:26,599  INFO        quant\percentage\percentage_sheet_3.json                | inserted=15    skipped=0     invalid=0     (2.02s)
2026-06-29 14:40:27,352  INFO        quant\permutation_and_combination\permutation_and_combi | inserted=8     skipped=0     invalid=0     (0.75s)
2026-06-29 14:40:29,332  INFO        quant\pipes_and_cistern\pipes_and_cistern_sheet.json    | inserted=37    skipped=0     invalid=0     (1.98s)
2026-06-29 14:40:30,405  INFO        quant\probability\probability_sheet_1.json              | inserted=15    skipped=10    invalid=0     (1.07s)
2026-06-29 14:40:31,375  INFO        quant\probability\probability_sheet_2.json              | inserted=15    skipped=0     invalid=0     (0.97s)
2026-06-29 14:40:32,118  INFO        quant\probability\probability_sheet_3.json              | inserted=48    skipped=0     invalid=0     (0.74s)
2026-06-29 14:40:32,119  INFO        quant\problem_on_ages_sheet\problem_on_ages_sheet.json  | inserted=0     skipped=0     invalid=0     (0.00s)
2026-06-29 14:40:39,233  INFO        quant\profit_and_loss\profit_and_loss_sheet_1.json      | inserted=66    skipped=5     invalid=0     (7.11s)
2026-06-29 14:40:41,734  INFO        quant\profit_and_loss\profit_and_loss_sheet_2.json      | inserted=28    skipped=0     invalid=0     (2.50s)
2026-06-29 14:40:43,526  INFO        quant\profit_and_loss\profit_and_loss_sheet_3.json      | inserted=21    skipped=0     invalid=0     (1.79s)
2026-06-29 14:40:44,944  INFO        quant\quadratic_equations\quadratic_equations_sheet.jso | inserted=23    skipped=0     invalid=0     (1.42s)
2026-06-29 14:40:47,088  INFO        quant\race_sheet\race_sheet.json                        | inserted=21    skipped=0     invalid=0     (2.14s)
2026-06-29 14:40:54,675  INFO        quant\ratio\ratio_sheet_1.json                          | inserted=102   skipped=0     invalid=0     (7.59s)
2026-06-29 14:40:56,225  INFO        quant\ratio\ratio_sheet_2.json                          | inserted=13    skipped=0     invalid=0     (1.55s)
2026-06-29 14:40:56,227  INFO        quant\ratio_and_proportion\ratio_and_proportion_sheet_c | inserted=0     skipped=0     invalid=0     (0.00s)
2026-06-29 14:41:05,977  INFO        quant\simple_interes\simple_interest_sheet_1.json       | inserted=99    skipped=0     invalid=0     (9.75s)
2026-06-29 14:41:08,472  INFO        quant\simple_interes\simple_interest_sheet_2.json       | inserted=24    skipped=0     invalid=0     (2.49s)
2026-06-29 14:41:09,195  INFO        quant\simplification\simplification_sheet_1.json        | inserted=2     skipped=0     invalid=0     (0.72s)
2026-06-29 14:41:11,653  INFO        quant\statistics\statistics.json                        | inserted=35    skipped=0     invalid=0     (2.46s)
2026-06-29 14:41:11,654  INFO        quant\surf_and_indices\surds_and_indices_sheet_1.json   | inserted=0     skipped=0     invalid=0     (0.00s)
2026-06-29 14:41:14,192  INFO        quant\time_and_work\time_and_work_sheet_1.json          | inserted=31    skipped=0     invalid=0     (2.54s)
2026-06-29 14:41:16,710  INFO        quant\time_and_work\time_and_work_sheet_2.json          | inserted=30    skipped=0     invalid=0     (2.52s)
2026-06-29 14:41:19,446  INFO        quant\time_and_work\time_and_work_sheet_3.json          | inserted=31    skipped=0     invalid=0     (2.74s)
2026-06-29 14:41:23,484  INFO        quant\time_speed_distance\time_speed_and_distance_sheet | inserted=42    skipped=0     invalid=0     (4.04s)
2026-06-29 14:41:26,725  INFO        quant\time_speed_distance\time_speed_and_distance_sheet | inserted=32    skipped=0     invalid=0     (3.24s)
2026-06-29 14:41:31,323  INFO        quant\time_speed_distance\time_speed_and_distance_sheet | inserted=60    skipped=0     invalid=0     (4.60s)
2026-06-29 14:41:32,406  INFO        quant\train_sheet\train_sheet.json                      | inserted=12    skipped=0     invalid=0     (1.08s)
2026-06-29 14:41:38,316  INFO        quant\trignometry\trigonometry_sheet_1.json             | inserted=64    skipped=0     invalid=0     (5.91s)
2026-06-29 14:41:42,261  INFO        quant\trignometry\trigonometry_sheet_2.json             | inserted=41    skipped=0     invalid=0     (3.94s)
2026-06-29 14:41:46,403  INFO        quant\trignometry\trigonometry_sheet_3.json             | inserted=44    skipped=0     invalid=0     (4.14s)
2026-06-29 14:41:48,743  INFO        quant\trignometry\trigonometry_sheet_4.json             | inserted=18    skipped=0     invalid=0     (2.34s)
2026-06-29 14:41:51,237  INFO        quant\trignometry\trigonometry_sheet_5.json             | inserted=30    skipped=0     invalid=0     (2.49s)
2026-06-29 14:41:55,185  INFO        reasoning\alphabet\alphabet_pyq_practice_set.json       | inserted=109   skipped=0     invalid=0     (3.95s)
2026-06-29 14:41:55,927  INFO        reasoning\alphabet\alphabetical_series_class_questions. | inserted=15    skipped=0     invalid=0     (0.74s)
2026-06-29 14:41:56,706  INFO        reasoning\alphabet\alphabetical_series_practice_set.jso | inserted=57    skipped=0     invalid=0     (0.78s)
2026-06-29 14:41:56,707  INFO        reasoning\analogy\analogy___10_feb___class.json         | inserted=0     skipped=0     invalid=0     (0.00s)
2026-06-29 14:41:56,727  INFO        reasoning\analogy\analogy___11_feb___class.json         | inserted=0     skipped=0     invalid=0     (0.02s)
2026-06-29 14:41:57,461  INFO        reasoning\analogy\analogy_class_questions_final.json    | inserted=9     skipped=0     invalid=0     (0.73s)
2026-06-29 14:41:57,461  INFO        reasoning\analogy\analogy_pyq_practice_set.json         | inserted=0     skipped=0     invalid=0     (0.00s)
2026-06-29 14:41:58,202  INFO        reasoning\analytical_reasoning\analytical_reasoning_pyq | inserted=10    skipped=0     invalid=0     (0.74s)
2026-06-29 14:41:58,922  INFO        reasoning\analytical_reasoning\analytical_reasoning_tes | inserted=11    skipped=0     invalid=0     (0.72s)
2026-06-29 14:41:58,924  INFO        reasoning\assertion_and_reason\assertion_and_reason___3 | inserted=0     skipped=0     invalid=0     (0.00s)
2026-06-29 14:41:59,664  INFO        reasoning\assertion_and_reason\assertion_and_reason_cla | inserted=9     skipped=0     invalid=0     (0.74s)
2026-06-29 14:41:59,665  INFO        reasoning\assumptions\assumptions___26_may___class_png. | inserted=0     skipped=0     invalid=0     (0.00s)
2026-06-29 14:41:59,665  INFO        reasoning\assumptions\assumptions___27_may___class_png. | inserted=0     skipped=0     invalid=0     (0.00s)
2026-06-29 14:41:59,666  INFO        reasoning\blood_relation\blood_relation___14_may___clas | inserted=0     skipped=0     invalid=0     (0.00s)
2026-06-29 14:42:00,428  INFO        reasoning\blood_relation\blood_relation_practice_set_2. | inserted=98    skipped=0     invalid=0     (0.76s)
2026-06-29 14:42:00,429  INFO        reasoning\blood_relation\blood_relation_pyq_practice_se | inserted=0     skipped=0     invalid=0     (0.00s)
2026-06-29 14:42:01,161  INFO        reasoning\blood_relation\blood_relations_class_que_2.js | inserted=52    skipped=0     invalid=0     (0.73s)
2026-06-29 14:42:01,910  INFO        reasoning\calendar\calendar_class_que_2.json            | inserted=50    skipped=0     invalid=0     (0.75s)
2026-06-29 14:42:01,914  INFO        reasoning\calendar\calendar_class_questions_2.json      | inserted=0     skipped=0     invalid=0     (0.00s)
2026-06-29 14:42:02,649  INFO        reasoning\calendar\calendar_practice_set_2.json         | inserted=5     skipped=0     invalid=0     (0.73s)
2026-06-29 14:42:02,651  INFO        reasoning\cause_and_effect\cause_and_effect.json        | inserted=0     skipped=0     invalid=0     (0.00s)
2026-06-29 14:42:02,669  INFO        reasoning\cause_and_effect\cause_and_effect___05_aug_cl | inserted=0     skipped=0     invalid=0     (0.02s)
2026-06-29 14:42:02,670  INFO        reasoning\cause_and_effect\cause_and_effect___29_may___ | inserted=0     skipped=0     invalid=0     (0.00s)
2026-06-29 14:42:02,671  INFO        reasoning\classification\classification___12_feb___clas | inserted=0     skipped=0     invalid=0     (0.00s)
2026-06-29 14:42:02,672  INFO        reasoning\classification\classification_class_que_final | inserted=0     skipped=0     invalid=0     (0.00s)
2026-06-29 14:42:02,672  INFO        reasoning\classification\classification_pyq_practice_se | inserted=0     skipped=0     invalid=0     (0.00s)
2026-06-29 14:42:03,389  INFO        reasoning\clock\clock_class_question.json               | inserted=62    skipped=0     invalid=0     (0.72s)
2026-06-29 14:42:04,204  INFO        reasoning\clock\clock_practice_set.json                 | inserted=87    skipped=0     invalid=0     (0.82s)
2026-06-29 14:42:04,205  INFO        reasoning\coded_equation\coded_equation___14_feb___clas | inserted=0     skipped=0     invalid=0     (0.00s)
2026-06-29 14:42:04,206  INFO        reasoning\coding_decoding\coding_decoding_practice_set. | inserted=0     skipped=0     invalid=0     (0.00s)
2026-06-29 14:42:05,158  INFO        reasoning\coding_decoding\coding_decoding_pyq_practice_ | inserted=173   skipped=0     invalid=0     (0.95s)
2026-06-29 14:42:05,159  INFO        reasoning\counting_figures\counting_figures_class_quest | inserted=0     skipped=0     invalid=0     (0.00s)
2026-06-29 14:42:05,890  INFO        reasoning\counting_figures\counting_of_figures_practice | inserted=1     skipped=0     invalid=0     (0.73s)
2026-06-29 14:42:06,636  INFO        reasoning\course_of_action\course_of_action_class_quest | inserted=10    skipped=0     invalid=0     (0.74s)
2026-06-29 14:42:07,366  INFO        reasoning\cube_and_cuboid\cube_and_cuboid_class_questio | inserted=3     skipped=0     invalid=0     (0.73s)
2026-06-29 14:42:07,368  INFO        reasoning\cube_and_cuboid\cube_and_cuboid_practice_set. | inserted=0     skipped=0     invalid=0     (0.00s)
2026-06-29 14:42:07,368  INFO        reasoning\cube_and_cuboid\cube_and_cuboid_test.json     | inserted=0     skipped=0     invalid=0     (0.00s)
2026-06-29 14:42:07,369  INFO        reasoning\cube_and_cuboid\cube_pyqs_practice___10_april | inserted=0     skipped=0     invalid=0     (0.00s)
2026-06-29 14:42:07,370  INFO        reasoning\data_sufficiency\data_sufficiency___5_june___ | inserted=0     skipped=0     invalid=0     (0.00s)
2026-06-29 14:42:07,371  INFO        reasoning\decision_making\decision_making___4_june___cl | inserted=0     skipped=0     invalid=0     (0.00s)
2026-06-29 14:42:08,096  INFO        reasoning\dice\dice_class_question.json                 | inserted=11    skipped=0     invalid=0     (0.72s)
2026-06-29 14:42:08,827  INFO        reasoning\dice\dice_practice_set.json                   | inserted=9     skipped=0     invalid=0     (0.73s)
2026-06-29 14:42:08,828  INFO        reasoning\dice\dice_pyqs_set.json                       | inserted=0     skipped=0     invalid=0     (0.00s)
2026-06-29 14:42:09,554  INFO        reasoning\dice\dice_test_question.json                  | inserted=2     skipped=0     invalid=0     (0.73s)
2026-06-29 14:42:10,286  INFO        reasoning\dictionary_jumbling_wordformation\dictionary_ | inserted=22    skipped=0     invalid=0     (0.73s)
2026-06-29 14:42:11,107  INFO        reasoning\direction_and_distance\direction_and_distance | inserted=52    skipped=0     invalid=0     (0.82s)
2026-06-29 14:42:11,837  INFO        reasoning\direction_and_distance\direction_and_distance | inserted=10    skipped=0     invalid=0     (0.73s)
2026-06-29 14:42:11,839  INFO        reasoning\direction_and_distance\direction_and_distance | inserted=0     skipped=0     invalid=0     (0.00s)
2026-06-29 14:42:12,558  INFO        reasoning\direction_and_distance\direction_and_distance | inserted=10    skipped=0     invalid=0     (0.72s)
2026-06-29 14:42:13,754  INFO        reasoning\inequality\inequality_class_questions.json    | inserted=33    skipped=0     invalid=0     (1.20s)
2026-06-29 14:42:13,755  INFO        reasoning\inequality\inequality_practice_set.json       | inserted=0     skipped=0     invalid=0     (0.00s)
2026-06-29 14:42:14,566  INFO        reasoning\letter_series\letter_series_class_questions.j | inserted=48    skipped=0     invalid=0     (0.81s)
2026-06-29 14:42:15,327  INFO        reasoning\letter_series\letter_series_practice_set.json | inserted=59    skipped=0     invalid=0     (0.76s)
2026-06-29 14:42:15,328  INFO        reasoning\missing_number\missing_number_class_questions | inserted=0     skipped=0     invalid=0     (0.00s)
2026-06-29 14:42:16,073  INFO        reasoning\non_verbal\non_verbal_practice_set.json       | inserted=14    skipped=0     invalid=0     (0.74s)
2026-06-29 14:42:16,074  INFO        reasoning\non_verbal\non_verbal_pyqs_part_01.json       | inserted=0     skipped=0     invalid=0     (0.00s)
2026-06-29 14:42:16,074  INFO        reasoning\non_verbal\non_verbal_pyqs_part_02.json       | inserted=0     skipped=0     invalid=0     (0.00s)
2026-06-29 14:42:16,075  INFO        reasoning\non_verbal\non_verbal_pyqs_part_03.json       | inserted=0     skipped=0     invalid=0     (0.00s)
2026-06-29 14:42:16,076  INFO        reasoning\non_verbal\non_verbal_pyqs_part_04.json       | inserted=0     skipped=0     invalid=0     (0.00s)
2026-06-29 14:42:16,812  INFO        reasoning\non_verbal\non_verbal_test.json               | inserted=6     skipped=0     invalid=0     (0.74s)
2026-06-29 14:42:17,534  INFO        reasoning\number_series\number_series_class_questions.j | inserted=2     skipped=0     invalid=0     (0.72s)
2026-06-29 14:42:18,277  INFO        reasoning\number_series\number_series_practice_set.json | inserted=2     skipped=0     invalid=0     (0.74s)
2026-06-29 14:42:19,009  INFO        reasoning\pair_formation\pair_formation_class_questions | inserted=13    skipped=0     invalid=0     (0.73s)
2026-06-29 14:42:19,010  INFO        reasoning\police_dice_cube_cuboid\police_dice_cube_and_ | inserted=0     skipped=0     invalid=0     (0.00s)
2026-06-29 14:42:19,010  INFO        reasoning\puzzle\puzzle_complete_class_png.json         | inserted=0     skipped=0     invalid=0     (0.00s)
2026-06-29 14:42:19,739  INFO        reasoning\ranking\ranking_class_questions.json          | inserted=11    skipped=0     invalid=0     (0.73s)
2026-06-29 14:42:20,496  INFO        reasoning\ranking\ranking_practice_set.json             | inserted=21    skipped=0     invalid=0     (0.76s)
2026-06-29 14:42:21,237  INFO        reasoning\ranking\ranking_pyq_practice_set.json         | inserted=1     skipped=0     invalid=0     (0.74s)
2026-06-29 14:42:21,238  INFO        reasoning\seating_arrangement\seating_arrangement_and_p | inserted=0     skipped=0     invalid=0     (0.00s)
2026-06-29 14:42:21,972  INFO        reasoning\seating_arrangement\seating_arrangement_class | inserted=24    skipped=0     invalid=0     (0.73s)
2026-06-29 14:42:23,095  INFO        reasoning\seating_arrangement\seating_arrangement_pract | inserted=16    skipped=0     invalid=0     (1.12s)
2026-06-29 14:42:23,096  INFO        reasoning\series\series_pyq_practice_set.json           | inserted=0     skipped=0     invalid=0     (0.00s)
2026-06-29 14:42:23,831  INFO        reasoning\statement_argument\statement_argument_class_q | inserted=9     skipped=0     invalid=0     (0.73s)
2026-06-29 14:42:24,620  INFO        reasoning\statement_assumption_and_conclusion\statement | inserted=9     skipped=0     invalid=0     (0.79s)
2026-06-29 14:42:24,639  INFO        reasoning\syllogism\syllogism_part_1.json               | inserted=0     skipped=0     invalid=0     (0.02s)
2026-06-29 14:42:24,640  INFO        reasoning\syllogism\syllogism_part_2.json               | inserted=0     skipped=0     invalid=0     (0.00s)
2026-06-29 14:42:24,641  INFO        reasoning\syllogism\syllogism_part_3.json               | inserted=0     skipped=0     invalid=0     (0.00s)
2026-06-29 14:42:24,642  INFO        reasoning\teaching_dice_cube_cuboid\teaching_dice_cube_ | inserted=0     skipped=0     invalid=0     (0.00s)
2026-06-29 14:42:25,363  INFO        reasoning\upsc_csat_dice_cube_cuboid\upsc_csat_dice_cub | inserted=6     skipped=0     invalid=0     (0.72s)
2026-06-29 14:42:26,129  INFO        reasoning\venn_diagram\venn_diagram_class_question.json | inserted=21    skipped=0     invalid=0     (0.77s)
2026-06-29 14:42:26,849  INFO        reasoning\venn_diagram\venn_diagram_practice_set.json   | inserted=14    skipped=0     invalid=0     (0.72s)
2026-06-29 14:42:26,850  INFO        reasoning\venn_diagram\venn_diagram_pyq.json            | inserted=0     skipped=0     invalid=0     (0.00s)
2026-06-29 14:42:27,591  INFO        reasoning\venn_diagram\venn_diagram_test.json           | inserted=12    skipped=0     invalid=0     (0.74s)
2026-06-29 14:42:28,398  INFO        reasoning\word_based\word_based_problems_english.json   | inserted=133   skipped=0     invalid=0     (0.81s)
2026-06-29 14:42:28,399  INFO        reasoning\word_based\word_based_problems_hindi.json     | inserted=0     skipped=0     invalid=0     (0.00s)
2026-06-29 14:42:28,399  INFO      ─────────────────────────────────────────────────────────────────
2026-06-29 14:42:28,399  INFO      Done in 220.2s
2026-06-29 14:42:28,400  INFO        Inserted : 3362
2026-06-29 14:42:28,400  INFO        Skipped  : 563 (already in DB)
2026-06-29 14:42:28,400  INFO        Invalid  : 0 (missing fields)
